------------------------------------------------------------
Timing Analyzer Summary
------------------------------------------------------------

Type  : Slow 1100mV 85C Model Setup 'clock'
Slack : -0.370
TNS   : -1.177

Type  : Slow 1100mV 85C Model Hold 'clock'
Slack : 0.293
TNS   : 0.000

Type  : Slow 1100mV 85C Model Minimum Pulse Width 'clock'
Slack : -0.724
TNS   : -5.531

Type  : Slow 1100mV 0C Model Setup 'clock'
Slack : -0.454
TNS   : -1.085

Type  : Slow 1100mV 0C Model Hold 'clock'
Slack : 0.280
TNS   : 0.000

Type  : Slow 1100mV 0C Model Minimum Pulse Width 'clock'
Slack : -0.724
TNS   : -5.567

Type  : Fast 1100mV 85C Model Setup 'clock'
Slack : 0.391
TNS   : 0.000

Type  : Fast 1100mV 85C Model Hold 'clock'
Slack : 0.125
TNS   : 0.000

Type  : Fast 1100mV 85C Model Minimum Pulse Width 'clock'
Slack : -0.085
TNS   : -0.419

Type  : Fast 1100mV 0C Model Setup 'clock'
Slack : 0.438
TNS   : 0.000

Type  : Fast 1100mV 0C Model Hold 'clock'
Slack : 0.117
TNS   : 0.000

Type  : Fast 1100mV 0C Model Minimum Pulse Width 'clock'
Slack : -0.085
TNS   : -0.417

------------------------------------------------------------
